77.88.47.67 - - [26/Feb/2019:04:07:22 +1100] "GET /robots.txt HTTP/1.1" 301 241 "-" "Mozilla/5.0 (compatible; YandexBot/3.0; +http://yandex.com/bots)"
141.8.143.162 - - [26/Feb/2019:04:07:22 +1100] "GET /robots.txt HTTP/1.1" 301 241 "-" "Mozilla/5.0 (compatible; YandexBot/3.0; +http://yandex.com/bots)"
141.8.143.162 - - [26/Feb/2019:04:07:27 +1100] "GET / HTTP/1.1" 301 231 "-" "Mozilla/5.0 (compatible; YandexBot/3.0; +http://yandex.com/bots)"
77.88.5.19 - - [26/Feb/2019:04:07:27 +1100] "GET / HTTP/1.1" 301 231 "-" "Mozilla/5.0 (compatible; YandexBot/3.0; +http://yandex.com/bots)"
157.55.39.42 - - [26/Feb/2019:04:46:30 +1100] "GET /robots.txt HTTP/1.1" 301 241 "-" "Mozilla/5.0 (compatible; bingbot/2.0; +http://www.bing.com/bingbot.htm)"
157.55.39.42 - - [26/Feb/2019:04:46:31 +1100] "GET /robots.txt HTTP/1.1" 301 241 "-" "Mozilla/5.0 (compatible; bingbot/2.0; +http://www.bing.com/bingbot.htm)"
40.77.167.164 - - [26/Feb/2019:04:46:34 +1100] "GET / HTTP/1.1" 301 231 "-" "Mozilla/5.0 (compatible; bingbot/2.0; +http://www.bing.com/bingbot.htm)"
40.77.167.26 - - [26/Feb/2019:08:01:58 +1100] "GET /cgi-sys/defaultwebpage.cgi HTTP/1.1" 200 6905 "-" "Mozilla/5.0 (compatible; bingbot/2.0; +http://www.bing.com/bingbot.htm)"
13.54.216.146 - - [26/Feb/2019:08:44:41 +1100] "GET / HTTP/1.1" 301 231 "-" "Softaculous"
13.54.216.146 - - [26/Feb/2019:08:44:57 +1100] "GET / HTTP/1.1" 301 231 "-" "Softaculous"
13.54.216.146 - - [26/Feb/2019:08:45:05 +1100] "GET / HTTP/1.1" 301 231 "-" "Softaculous"
13.54.216.146 - - [26/Feb/2019:08:47:55 +1100] "GET / HTTP/1.1" 301 231 "-" "Softaculous"
13.54.216.146 - - [26/Feb/2019:08:48:16 +1100] "GET /check_charset.php HTTP/1.1" 301 248 "-" "-"
1.42.254.142 - - [26/Feb/2019:09:03:20 +1100] "GET /jwuhbls1or8zpgau9bhejhip7ahpauoc.php?pass=yk8tg232wlpqjaxymw2lji0u00dmzl7l HTTP/1.1" 302 - "https://13.54.216.146:2083/cpsess6373127206/frontend/paper_lantern/softaculous/index.live.php?act=sign_on&insid=26_15212&autoid=jwuhbls1or8zpgau9bhejhip7ahpauoc" "Mozilla/5.0 (Windows NT 10.0; Win64; x64) AppleWebKit/537.36 (KHTML, like Gecko) Chrome/72.0.3626.109 Safari/537.36"
13.54.216.146 - - [26/Feb/2019:09:03:21 +1100] "POST /wp-cron.php?doing_wp_cron=1551132201.6108748912811279296875 HTTP/1.1" 200 - "https://bruntech.net.au/wp-cron.php?doing_wp_cron=1551132201.6108748912811279296875" "WordPress/5.1; https://bruntech.net.au"
1.42.254.142 - - [26/Feb/2019:09:03:22 +1100] "GET /wp-admin/user/ HTTP/1.1" 200 36573 "https://13.54.216.146:2083/cpsess6373127206/frontend/paper_lantern/softaculous/index.live.php?act=sign_on&insid=26_15212&autoid=jwuhbls1or8zpgau9bhejhip7ahpauoc" "Mozilla/5.0 (Windows NT 10.0; Win64; x64) AppleWebKit/537.36 (KHTML, like Gecko) Chrome/72.0.3626.109 Safari/537.36"
1.42.254.142 - - [26/Feb/2019:09:03:27 +1100] "GET /wp-includes/js/thickbox/thickbox.css?ver=5.1 HTTP/1.1" 200 2658 "https://bruntech.net.au/wp-admin/user/" "Mozilla/5.0 (Windows NT 10.0; Win64; x64) AppleWebKit/537.36 (KHTML, like Gecko) Chrome/72.0.3626.109 Safari/537.36"
1.42.254.142 - - [26/Feb/2019:09:03:27 +1100] "GET /wp-admin/load-styles.php?c=0&dir=ltr&load%5B%5D=dashicons,admin-bar,common,forms,admin-menu,dashboard,list-tables,edit,revisions,media,themes,about,nav-menus,wp-pointer,widgets&load%5B%5D=,site-icon,l10n,buttons,wp-auth-check&ver=5.1 HTTP/1.1" 200 339095 "https://bruntech.net.au/wp-admin/user/" "Mozilla/5.0 (Windows NT 10.0; Win64; x64) AppleWebKit/537.36 (KHTML, like Gecko) Chrome/72.0.3626.109 Safari/537.36"
1.42.254.142 - - [26/Feb/2019:09:03:27 +1100] "GET /wp-admin/load-scripts.php?c=0&load%5B%5D=jquery-core,jquery-migrate,utils&ver=5.1 HTTP/1.1" 200 109102 "https://bruntech.net.au/wp-admin/user/" "Mozilla/5.0 (Windows NT 10.0; Win64; x64) AppleWebKit/537.36 (KHTML, like Gecko) Chrome/72.0.3626.109 Safari/537.36"
1.42.254.142 - - [26/Feb/2019:09:03:28 +1100] "GET /wp-includes/js/dist/vendor/wp-polyfill.min.js?ver=7.0.0 HTTP/1.1" 200 96193 "https://bruntech.net.au/wp-admin/user/" "Mozilla/5.0 (Windows NT 10.0; Win64; x64) AppleWebKit/537.36 (KHTML, like Gecko) Chrome/72.0.3626.109 Safari/537.36"
1.42.254.142 - - [26/Feb/2019:09:03:28 +1100] "GET /wp-admin/load-scripts.php?c=0&load%5B%5D=hoverIntent,common,admin-bar,wp-ajax-response,jquery-color,wp-lists,quicktags,jquery-query,admin-comments,jquery-ui-core,jquery-&load%5B%5D=ui-widget,jquery-ui-mouse,jquery-ui-sortable,postbox,underscore,wp-util,wp-a11y,dashboard,thickbox,plugin-install,updates,shortc&load%5B%5D=ode,media-upload,svg-painter&ver=5.1 HTTP/1.1" 200 201345 "https://bruntech.net.au/wp-admin/user/" "Mozilla/5.0 (Windows NT 10.0; Win64; x64) AppleWebKit/537.36 (KHTML, like Gecko) Chrome/72.0.3626.109 Safari/537.36"
1.42.254.142 - - [26/Feb/2019:09:03:29 +1100] "GET /wp-includes/js/dist/hooks.min.js?ver=2.0.5 HTTP/1.1" 200 4905 "https://bruntech.net.au/wp-admin/user/" "Mozilla/5.0 (Windows NT 10.0; Win64; x64) AppleWebKit/537.36 (KHTML, like Gecko) Chrome/72.0.3626.109 Safari/537.36"
1.42.254.142 - - [26/Feb/2019:09:03:29 +1100] "GET /wp-includes/js/heartbeat.min.js?ver=5.1 HTTP/1.1" 200 6017 "https://bruntech.net.au/wp-admin/user/" "Mozilla/5.0 (Windows NT 10.0; Win64; x64) AppleWebKit/537.36 (KHTML, like Gecko) Chrome/72.0.3626.109 Safari/537.36"
1.42.254.142 - - [26/Feb/2019:09:03:29 +1100] "GET /wp-includes/js/wp-auth-check.min.js?ver=5.1 HTTP/1.1" 200 1783 "https://bruntech.net.au/wp-admin/user/" "Mozilla/5.0 (Windows NT 10.0; Win64; x64) AppleWebKit/537.36 (KHTML, like Gecko) Chrome/72.0.3626.109 Safari/537.36"
1.42.254.142 - - [26/Feb/2019:09:03:29 +1100] "GET /wp-includes/js/jquery/ui/position.min.js?ver=1.11.4 HTTP/1.1" 200 6527 "https://bruntech.net.au/wp-admin/user/" "Mozilla/5.0 (Windows NT 10.0; Win64; x64) AppleWebKit/537.36 (KHTML, like Gecko) Chrome/72.0.3626.109 Safari/537.36"
1.42.254.142 - - [26/Feb/2019:09:03:29 +1100] "GET /wp-includes/js/wp-pointer.min.js?ver=20111129a HTTP/1.1" 200 3639 "https://bruntech.net.au/wp-admin/user/" "Mozilla/5.0 (Windows NT 10.0; Win64; x64) AppleWebKit/537.36 (KHTML, like Gecko) Chrome/72.0.3626.109 Safari/537.36"
1.42.254.142 - - [26/Feb/2019:09:03:29 +1100] "GET /wp-includes/js/wp-emoji-release.min.js?ver=5.1 HTTP/1.1" 200 12034 "https://bruntech.net.au/wp-admin/user/" "Mozilla/5.0 (Windows NT 10.0; Win64; x64) AppleWebKit/537.36 (KHTML, like Gecko) Chrome/72.0.3626.109 Safari/537.36"
1.42.254.142 - - [26/Feb/2019:09:03:30 +1100] "GET /wp-includes/js/thickbox/loadingAnimation.gif HTTP/1.1" 200 15238 "https://bruntech.net.au/wp-admin/user/" "Mozilla/5.0 (Windows NT 10.0; Win64; x64) AppleWebKit/537.36 (KHTML, like Gecko) Chrome/72.0.3626.109 Safari/537.36"
1.42.254.142 - - [26/Feb/2019:09:03:30 +1100] "GET /wp-admin/admin-ajax.php?action=wp-compression-test&test=1&_ajax_nonce=842bcdce0c&1551132210286 HTTP/1.1" 200 1114 "https://bruntech.net.au/wp-admin/user/" "Mozilla/5.0 (Windows NT 10.0; Win64; x64) AppleWebKit/537.36 (KHTML, like Gecko) Chrome/72.0.3626.109 Safari/537.36"
1.42.254.142 - - [26/Feb/2019:09:03:31 +1100] "GET /favicon.ico HTTP/1.1" 200 - "https://bruntech.net.au/wp-admin/user/" "Mozilla/5.0 (Windows NT 10.0; Win64; x64) AppleWebKit/537.36 (KHTML, like Gecko) Chrome/72.0.3626.109 Safari/537.36"
1.42.254.142 - - [26/Feb/2019:09:03:31 +1100] "GET /wp-admin/admin-ajax.php?action=wp-compression-test&test=2&_ajax_nonce=842bcdce0c&1551132210918 HTTP/1.1" 200 572 "https://bruntech.net.au/wp-admin/user/" "Mozilla/5.0 (Windows NT 10.0; Win64; x64) AppleWebKit/537.36 (KHTML, like Gecko) Chrome/72.0.3626.109 Safari/537.36"
13.54.216.146 - - [26/Feb/2019:09:03:31 +1100] "POST /wp-cron.php?doing_wp_cron=1551132211.3559999465942382812500 HTTP/1.1" 200 - "https://bruntech.net.au/wp-cron.php?doing_wp_cron=1551132211.3559999465942382812500" "WordPress/5.1; https://bruntech.net.au"
1.42.254.142 - - [26/Feb/2019:09:03:32 +1100] "GET /wp-admin/admin-ajax.php?action=wp-compression-test&test=yes&_ajax_nonce=842bcdce0c&1551132211874 HTTP/1.1" 200 1 "https://bruntech.net.au/wp-admin/user/" "Mozilla/5.0 (Windows NT 10.0; Win64; x64) AppleWebKit/537.36 (KHTML, like Gecko) Chrome/72.0.3626.109 Safari/537.36"
1.42.254.142 - - [26/Feb/2019:09:03:30 +1100] "POST /wp-admin/admin-ajax.php HTTP/1.1" 200 1384 "https://bruntech.net.au/wp-admin/user/" "Mozilla/5.0 (Windows NT 10.0; Win64; x64) AppleWebKit/537.36 (KHTML, like Gecko) Chrome/72.0.3626.109 Safari/537.36"
1.42.254.142 - - [26/Feb/2019:09:03:30 +1100] "GET /wp-admin/admin-ajax.php?action=dashboard-widgets&widget=dashboard_primary&pagenow=dashboard-user HTTP/1.1" 200 895 "https://bruntech.net.au/wp-admin/user/" "Mozilla/5.0 (Windows NT 10.0; Win64; x64) AppleWebKit/537.36 (KHTML, like Gecko) Chrome/72.0.3626.109 Safari/537.36"
1.42.254.142 - - [26/Feb/2019:09:03:37 +1100] "GET /wp-admin/user/profile.php HTTP/1.1" 200 32761 "https://bruntech.net.au/wp-admin/user/" "Mozilla/5.0 (Windows NT 10.0; Win64; x64) AppleWebKit/537.36 (KHTML, like Gecko) Chrome/72.0.3626.109 Safari/537.36"
1.42.254.142 - - [26/Feb/2019:09:03:38 +1100] "GET /wp-admin/load-styles.php?c=1&dir=ltr&load%5B%5D=dashicons,admin-bar,common,forms,admin-menu,dashboard,list-tables,edit,revisions,media,themes,about,nav-menus,wp-pointer,widgets&load%5B%5D=,site-icon,l10n,buttons,wp-auth-check&ver=5.1 HTTP/1.1" 200 339095 "https://bruntech.net.au/wp-admin/user/profile.php" "Mozilla/5.0 (Windows NT 10.0; Win64; x64) AppleWebKit/537.36 (KHTML, like Gecko) Chrome/72.0.3626.109 Safari/537.36"
1.42.254.142 - - [26/Feb/2019:09:03:38 +1100] "GET /wp-admin/load-scripts.php?c=1&load%5B%5D=hoverIntent,common,admin-bar,password-strength-meter,underscore,wp-util,user-profile,svg-painter&ver=5.1 HTTP/1.1" 200 53563 "https://bruntech.net.au/wp-admin/user/profile.php" "Mozilla/5.0 (Windows NT 10.0; Win64; x64) AppleWebKit/537.36 (KHTML, like Gecko) Chrome/72.0.3626.109 Safari/537.36"
1.42.254.142 - - [26/Feb/2019:09:03:38 +1100] "GET /wp-admin/load-scripts.php?c=1&load%5B%5D=jquery-core,jquery-migrate,utils,zxcvbn-async&ver=5.1 HTTP/1.1" 200 109427 "https://bruntech.net.au/wp-admin/user/profile.php" "Mozilla/5.0 (Windows NT 10.0; Win64; x64) AppleWebKit/537.36 (KHTML, like Gecko) Chrome/72.0.3626.109 Safari/537.36"
1.42.254.142 - - [26/Feb/2019:09:03:39 +1100] "GET /wp-includes/js/zxcvbn.min.js HTTP/1.1" 200 822202 "https://bruntech.net.au/wp-admin/user/profile.php" "Mozilla/5.0 (Windows NT 10.0; Win64; x64) AppleWebKit/537.36 (KHTML, like Gecko) Chrome/72.0.3626.109 Safari/537.36"
1.42.254.142 - - [26/Feb/2019:09:03:39 +1100] "GET /favicon.ico HTTP/1.1" 200 - "https://bruntech.net.au/wp-admin/user/profile.php" "Mozilla/5.0 (Windows NT 10.0; Win64; x64) AppleWebKit/537.36 (KHTML, like Gecko) Chrome/72.0.3626.109 Safari/537.36"
52.114.14.102 - - [26/Feb/2019:09:04:11 +1100] "GET /wp-admin/ HTTP/1.1" 302 - "-" "Mozilla/5.0 (Windows NT 6.1; WOW64) SkypeUriPreview Preview/0.5"
13.54.216.146 - - [26/Feb/2019:09:04:12 +1100] "POST /wp-cron.php?doing_wp_cron=1551132252.0754249095916748046875 HTTP/1.1" 200 - "https://bruntech.net.au/wp-cron.php?doing_wp_cron=1551132252.0754249095916748046875" "WordPress/5.1; https://bruntech.net.au"
52.114.14.102 - - [26/Feb/2019:09:04:11 +1100] "GET / HTTP/1.1" 200 10905 "-" "Mozilla/5.0 (Windows NT 6.1; WOW64) SkypeUriPreview Preview/0.5"
52.114.14.102 - - [26/Feb/2019:09:04:12 +1100] "GET /wp-login.php?redirect_to=https%3A%2F%2Fbruntech.net.au%2Fwp-admin%2F&reauth=1 HTTP/1.1" 200 3278 "-" "Mozilla/5.0 (Windows NT 6.1; WOW64) SkypeUriPreview Preview/0.5"
52.114.14.102 - - [26/Feb/2019:09:04:12 +1100] "GET /favicon.ico HTTP/1.1" 200 - "-" "Mozilla/5.0 (Windows NT 6.1; WOW64) SkypeUriPreview Preview/0.5"
52.114.14.102 - - [26/Feb/2019:09:04:12 +1100] "GET /favicon.ico HTTP/1.1" 200 - "-" "Mozilla/5.0 (Windows NT 6.1; WOW64) SkypeUriPreview Preview/0.5"
40.74.255.63 - - [26/Feb/2019:09:04:14 +1100] "HEAD / HTTP/1.1" 200 - "-" "Mozilla/5.0 (X11; Ubuntu; Linux i686; rv:42.0) Gecko/20100101 Firefox/42.0"
1.42.254.142 - - [26/Feb/2019:09:04:39 +1100] "POST /wp-admin/admin-ajax.php HTTP/1.1" 200 47 "https://bruntech.net.au/wp-admin/user/profile.php" "Mozilla/5.0 (Windows NT 10.0; Win64; x64) AppleWebKit/537.36 (KHTML, like Gecko) Chrome/72.0.3626.109 Safari/537.36"
66.249.66.202 - - [26/Feb/2019:09:06:24 +1100] "GET /blog/category/uncategorized/ HTTP/1.1" 200 11292 "-" "Mozilla/5.0 (compatible; Googlebot/2.1; +http://www.google.com/bot.html)"
66.249.66.198 - - [26/Feb/2019:09:06:27 +1100] "GET /wp-includes/js/wp-emoji-release.min.js?ver=5.1 HTTP/1.1" 200 12034 "https://bruntech.net.au/blog/category/uncategorized/" "Mozilla/5.0 AppleWebKit/537.36 (KHTML, like Gecko; compatible; Googlebot/2.1; +http://www.google.com/bot.html) Safari/537.36"
66.249.66.200 - - [26/Feb/2019:09:06:28 +1100] "GET /wp-includes/js/wp-embed.min.js?ver=5.1 HTTP/1.1" 200 1403 "https://bruntech.net.au/blog/category/uncategorized/" "Mozilla/5.0 AppleWebKit/537.36 (KHTML, like Gecko; compatible; Googlebot/2.1; +http://www.google.com/bot.html) Safari/537.36"
66.249.75.26 - - [26/Feb/2019:09:06:29 +1100] "GET /wp-includes/css/dist/block-library/style.min.css?ver=5.1 HTTP/1.1" 200 25242 "https://bruntech.net.au/blog/category/uncategorized/" "Mozilla/5.0 AppleWebKit/537.36 (KHTML, like Gecko; compatible; Googlebot/2.1; +http://www.google.com/bot.html) Safari/537.36"
66.249.66.198 - - [26/Feb/2019:09:06:30 +1100] "GET /wp-includes/css/dist/block-library/theme.min.css?ver=5.1 HTTP/1.1" 200 1031 "https://bruntech.net.au/blog/category/uncategorized/" "Mozilla/5.0 AppleWebKit/537.36 (KHTML, like Gecko; compatible; Googlebot/2.1; +http://www.google.com/bot.html) Safari/537.36"
66.249.66.200 - - [26/Feb/2019:09:06:30 +1100] "GET /wp-content/themes/twentynineteen/style.css?ver=1.3 HTTP/1.1" 200 212579 "https://bruntech.net.au/blog/category/uncategorized/" "Mozilla/5.0 AppleWebKit/537.36 (KHTML, like Gecko; compatible; Googlebot/2.1; +http://www.google.com/bot.html) Safari/537.36"
66.249.66.198 - - [26/Feb/2019:09:06:31 +1100] "GET /wp-content/themes/twentynineteen/print.css?ver=1.3 HTTP/1.1" 200 3969 "https://bruntech.net.au/blog/category/uncategorized/" "Mozilla/5.0 AppleWebKit/537.36 (KHTML, like Gecko; compatible; Googlebot/2.1; +http://www.google.com/bot.html) Safari/537.36"
66.249.66.198 - - [26/Feb/2019:09:06:32 +1100] "GET /feed/ HTTP/1.1" 200 1697 "-" "Mozilla/5.0 (compatible; Googlebot/2.1; +http://www.google.com/bot.html)"
1.42.254.142 - - [26/Feb/2019:09:06:33 +1100] "POST /wp-admin/admin-ajax.php HTTP/1.1" 200 47 "https://bruntech.net.au/wp-admin/user/profile.php" "Mozilla/5.0 (Windows NT 10.0; Win64; x64) AppleWebKit/537.36 (KHTML, like Gecko) Chrome/72.0.3626.109 Safari/537.36"
66.249.66.198 - - [26/Feb/2019:09:06:42 +1100] "GET /blog/2019/02/ HTTP/1.1" 200 11059 "-" "Mozilla/5.0 (compatible; Googlebot/2.1; +http://www.google.com/bot.html)"
66.249.66.198 - - [26/Feb/2019:09:06:52 +1100] "GET /wp-login.php HTTP/1.1" 200 3278 "-" "Mozilla/5.0 (compatible; Googlebot/2.1; +http://www.google.com/bot.html)"
66.249.66.200 - - [26/Feb/2019:09:07:03 +1100] "GET /wp-includes/css/dashicons.min.css?ver=5.1 HTTP/1.1" 200 46358 "https://bruntech.net.au/wp-login.php" "Mozilla/5.0 AppleWebKit/537.36 (KHTML, like Gecko; compatible; Googlebot/2.1; +http://www.google.com/bot.html) Safari/537.36"
66.249.66.198 - - [26/Feb/2019:09:07:04 +1100] "GET /comments/feed/ HTTP/1.1" 200 1673 "-" "Mozilla/5.0 (compatible; Googlebot/2.1; +http://www.google.com/bot.html)"
66.249.66.202 - - [26/Feb/2019:09:07:06 +1100] "GET /wp-admin/css/l10n.min.css?ver=5.1 HTTP/1.1" 200 2477 "https://bruntech.net.au/wp-login.php" "Mozilla/5.0 AppleWebKit/537.36 (KHTML, like Gecko; compatible; Googlebot/2.1; +http://www.google.com/bot.html) Safari/537.36"
66.249.66.198 - - [26/Feb/2019:09:07:06 +1100] "GET /wp-admin/css/forms.min.css?ver=5.1 HTTP/1.1" 200 21890 "https://bruntech.net.au/wp-login.php" "Mozilla/5.0 AppleWebKit/537.36 (KHTML, like Gecko; compatible; Googlebot/2.1; +http://www.google.com/bot.html) Safari/537.36"
66.249.66.198 - - [26/Feb/2019:09:07:07 +1100] "GET /wp-includes/css/buttons.min.css?ver=5.1 HTTP/1.1" 200 6134 "https://bruntech.net.au/wp-login.php" "Mozilla/5.0 AppleWebKit/537.36 (KHTML, like Gecko; compatible; Googlebot/2.1; +http://www.google.com/bot.html) Safari/537.36"
66.249.66.198 - - [26/Feb/2019:09:07:08 +1100] "GET /wp-admin/css/login.min.css?ver=5.1 HTTP/1.1" 200 27813 "https://bruntech.net.au/wp-login.php" "Mozilla/5.0 AppleWebKit/537.36 (KHTML, like Gecko; compatible; Googlebot/2.1; +http://www.google.com/bot.html) Safari/537.36"
66.249.66.198 - - [26/Feb/2019:09:07:09 +1100] "GET /wp-admin/images/wordpress-logo.svg?ver=20131107 HTTP/1.1" 200 1521 "-" "Mozilla/5.0 AppleWebKit/537.36 (KHTML, like Gecko; compatible; Googlebot/2.1; +http://www.google.com/bot.html) Safari/537.36"
66.249.66.198 - - [26/Feb/2019:09:07:19 +1100] "GET /blog/author/Administrad0r/ HTTP/1.1" 200 11270 "-" "Mozilla/5.0 (compatible; Googlebot/2.1; +http://www.google.com/bot.html)"
66.249.66.198 - - [26/Feb/2019:09:07:52 +1100] "GET /blog/author/Administrad0r/feed/ HTTP/1.1" 200 1745 "-" "Mozilla/5.0 (compatible; Googlebot/2.1; +http://www.google.com/bot.html)"
66.249.66.198 - - [26/Feb/2019:09:07:58 +1100] "GET /wp-login.php?action=lostpassword HTTP/1.1" 200 2914 "-" "Mozilla/5.0 (compatible; Googlebot/2.1; +http://www.google.com/bot.html)"
66.249.66.198 - - [26/Feb/2019:09:08:01 +1100] "GET /blog/2019/02/25/hello-world/ HTTP/1.1" 200 18068 "-" "Mozilla/5.0 (compatible; Googlebot/2.1; +http://www.google.com/bot.html)"
66.249.66.198 - - [26/Feb/2019:09:08:29 +1100] "GET /wp-content/themes/twentynineteen/style.css?ver=1.3 HTTP/1.1" 200 212579 "https://bruntech.net.au/blog/2019/02/25/hello-world/" "Mozilla/5.0 AppleWebKit/537.36 (KHTML, like Gecko; compatible; Googlebot/2.1; +http://www.google.com/bot.html) Safari/537.36"
66.249.66.198 - - [26/Feb/2019:09:08:30 +1100] "GET /wp-includes/js/wp-emoji-release.min.js?ver=5.1 HTTP/1.1" 200 12034 "https://bruntech.net.au/blog/2019/02/25/hello-world/" "Mozilla/5.0 AppleWebKit/537.36 (KHTML, like Gecko; compatible; Googlebot/2.1; +http://www.google.com/bot.html) Safari/537.36"
66.249.66.198 - - [26/Feb/2019:09:08:31 +1100] "GET /wp-includes/css/dist/block-library/style.min.css?ver=5.1 HTTP/1.1" 200 25242 "https://bruntech.net.au/blog/2019/02/25/hello-world/" "Mozilla/5.0 AppleWebKit/537.36 (KHTML, like Gecko; compatible; Googlebot/2.1; +http://www.google.com/bot.html) Safari/537.36"
66.249.66.198 - - [26/Feb/2019:09:08:32 +1100] "GET /wp-content/themes/twentynineteen/print.css?ver=1.3 HTTP/1.1" 200 3969 "https://bruntech.net.au/blog/2019/02/25/hello-world/" "Mozilla/5.0 AppleWebKit/537.36 (KHTML, like Gecko; compatible; Googlebot/2.1; +http://www.google.com/bot.html) Safari/537.36"
66.249.66.198 - - [26/Feb/2019:09:08:33 +1100] "GET /wp-includes/js/comment-reply.min.js?ver=5.1 HTTP/1.1" 200 2117 "https://bruntech.net.au/blog/2019/02/25/hello-world/" "Mozilla/5.0 AppleWebKit/537.36 (KHTML, like Gecko; compatible; Googlebot/2.1; +http://www.google.com/bot.html) Safari/537.36"
66.249.66.198 - - [26/Feb/2019:09:08:34 +1100] "GET /wp-includes/css/dist/block-library/theme.min.css?ver=5.1 HTTP/1.1" 200 1031 "https://bruntech.net.au/blog/2019/02/25/hello-world/" "Mozilla/5.0 AppleWebKit/537.36 (KHTML, like Gecko; compatible; Googlebot/2.1; +http://www.google.com/bot.html) Safari/537.36"
66.249.66.198 - - [26/Feb/2019:09:08:35 +1100] "GET /wp-includes/js/wp-embed.min.js?ver=5.1 HTTP/1.1" 200 1403 "https://bruntech.net.au/blog/2019/02/25/hello-world/" "Mozilla/5.0 AppleWebKit/537.36 (KHTML, like Gecko; compatible; Googlebot/2.1; +http://www.google.com/bot.html) Safari/537.36"
66.249.66.198 - - [26/Feb/2019:09:08:52 +1100] "GET /blog/category/uncategorized/feed/ HTTP/1.1" 200 1747 "-" "Mozilla/5.0 (compatible; Googlebot/2.1; +http://www.google.com/bot.html)"
66.249.66.202 - - [26/Feb/2019:09:09:09 +1100] "GET /blog/2019/02/25/hello-world/feed/ HTTP/1.1" 200 1690 "-" "Mozilla/5.0 (compatible; Googlebot/2.1; +http://www.google.com/bot.html)"
110.54.234.94 - - [26/Feb/2019:09:11:46 +1100] "GET / HTTP/1.1" 200 10905 "-" "Mozilla/5.0 (X11; Linux x86_64) AppleWebKit/537.36 (KHTML, like Gecko) Chrome/67.0.3396.62 Safari/537.36"
110.54.234.94 - - [26/Feb/2019:09:11:47 +1100] "GET /wp-includes/css/dist/block-library/style.min.css?ver=5.1 HTTP/1.1" 200 25242 "https://bruntech.net.au/" "Mozilla/5.0 (X11; Linux x86_64) AppleWebKit/537.36 (KHTML, like Gecko) Chrome/67.0.3396.62 Safari/537.36"
110.54.234.94 - - [26/Feb/2019:09:11:47 +1100] "GET /wp-includes/css/dist/block-library/theme.min.css?ver=5.1 HTTP/1.1" 200 1031 "https://bruntech.net.au/" "Mozilla/5.0 (X11; Linux x86_64) AppleWebKit/537.36 (KHTML, like Gecko) Chrome/67.0.3396.62 Safari/537.36"
110.54.234.94 - - [26/Feb/2019:09:11:47 +1100] "GET /wp-includes/js/wp-embed.min.js?ver=5.1 HTTP/1.1" 200 1403 "https://bruntech.net.au/" "Mozilla/5.0 (X11; Linux x86_64) AppleWebKit/537.36 (KHTML, like Gecko) Chrome/67.0.3396.62 Safari/537.36"
110.54.234.94 - - [26/Feb/2019:09:11:47 +1100] "GET /wp-includes/js/wp-emoji-release.min.js?ver=5.1 HTTP/1.1" 200 12034 "https://bruntech.net.au/" "Mozilla/5.0 (X11; Linux x86_64) AppleWebKit/537.36 (KHTML, like Gecko) Chrome/67.0.3396.62 Safari/537.36"
110.54.234.94 - - [26/Feb/2019:09:11:47 +1100] "GET /wp-content/themes/twentynineteen/print.css?ver=1.3 HTTP/1.1" 200 3969 "https://bruntech.net.au/" "Mozilla/5.0 (X11; Linux x86_64) AppleWebKit/537.36 (KHTML, like Gecko) Chrome/67.0.3396.62 Safari/537.36"
110.54.234.94 - - [26/Feb/2019:09:11:47 +1100] "GET /wp-content/themes/twentynineteen/style.css?ver=1.3 HTTP/1.1" 200 212579 "https://bruntech.net.au/" "Mozilla/5.0 (X11; Linux x86_64) AppleWebKit/537.36 (KHTML, like Gecko) Chrome/67.0.3396.62 Safari/537.36"
110.54.234.94 - - [26/Feb/2019:09:11:49 +1100] "GET /favicon.ico HTTP/1.1" 200 - "https://bruntech.net.au/" "Mozilla/5.0 (X11; Linux x86_64) AppleWebKit/537.36 (KHTML, like Gecko) Chrome/67.0.3396.62 Safari/537.36"
110.54.234.94 - - [26/Feb/2019:09:12:18 +1100] "GET /wp-admin/ HTTP/1.1" 302 - "-" "Mozilla/5.0 (X11; Linux x86_64) AppleWebKit/537.36 (KHTML, like Gecko) Chrome/67.0.3396.62 Safari/537.36"
110.54.234.94 - - [26/Feb/2019:09:12:19 +1100] "GET /wp-login.php?redirect_to=https%3A%2F%2Fbruntech.net.au%2Fwp-admin%2F&reauth=1 HTTP/1.1" 200 3278 "-" "Mozilla/5.0 (X11; Linux x86_64) AppleWebKit/537.36 (KHTML, like Gecko) Chrome/67.0.3396.62 Safari/537.36"
110.54.234.94 - - [26/Feb/2019:09:12:19 +1100] "GET /wp-includes/css/dashicons.min.css?ver=5.1 HTTP/1.1" 200 46358 "https://bruntech.net.au/wp-login.php?redirect_to=https%3A%2F%2Fbruntech.net.au%2Fwp-admin%2F&reauth=1" "Mozilla/5.0 (X11; Linux x86_64) AppleWebKit/537.36 (KHTML, like Gecko) Chrome/67.0.3396.62 Safari/537.36"
110.54.234.94 - - [26/Feb/2019:09:12:19 +1100] "GET /wp-includes/css/buttons.min.css?ver=5.1 HTTP/1.1" 200 6134 "https://bruntech.net.au/wp-login.php?redirect_to=https%3A%2F%2Fbruntech.net.au%2Fwp-admin%2F&reauth=1" "Mozilla/5.0 (X11; Linux x86_64) AppleWebKit/537.36 (KHTML, like Gecko) Chrome/67.0.3396.62 Safari/537.36"
110.54.234.94 - - [26/Feb/2019:09:12:19 +1100] "GET /wp-admin/css/l10n.min.css?ver=5.1 HTTP/1.1" 200 2477 "https://bruntech.net.au/wp-login.php?redirect_to=https%3A%2F%2Fbruntech.net.au%2Fwp-admin%2F&reauth=1" "Mozilla/5.0 (X11; Linux x86_64) AppleWebKit/537.36 (KHTML, like Gecko) Chrome/67.0.3396.62 Safari/537.36"
110.54.234.94 - - [26/Feb/2019:09:12:19 +1100] "GET /wp-admin/css/forms.min.css?ver=5.1 HTTP/1.1" 200 21890 "https://bruntech.net.au/wp-login.php?redirect_to=https%3A%2F%2Fbruntech.net.au%2Fwp-admin%2F&reauth=1" "Mozilla/5.0 (X11; Linux x86_64) AppleWebKit/537.36 (KHTML, like Gecko) Chrome/67.0.3396.62 Safari/537.36"
110.54.234.94 - - [26/Feb/2019:09:12:19 +1100] "GET /wp-admin/css/login.min.css?ver=5.1 HTTP/1.1" 200 27813 "https://bruntech.net.au/wp-login.php?redirect_to=https%3A%2F%2Fbruntech.net.au%2Fwp-admin%2F&reauth=1" "Mozilla/5.0 (X11; Linux x86_64) AppleWebKit/537.36 (KHTML, like Gecko) Chrome/67.0.3396.62 Safari/537.36"
110.54.234.94 - - [26/Feb/2019:09:12:21 +1100] "GET /wp-admin/images/wordpress-logo.svg?ver=20131107 HTTP/1.1" 200 1521 "https://bruntech.net.au/wp-admin/css/login.min.css?ver=5.1" "Mozilla/5.0 (X11; Linux x86_64) AppleWebKit/537.36 (KHTML, like Gecko) Chrome/67.0.3396.62 Safari/537.36"
110.54.234.94 - - [26/Feb/2019:09:12:21 +1100] "GET /favicon.ico HTTP/1.1" 200 - "https://bruntech.net.au/wp-login.php?redirect_to=https%3A%2F%2Fbruntech.net.au%2Fwp-admin%2F&reauth=1" "Mozilla/5.0 (X11; Linux x86_64) AppleWebKit/537.36 (KHTML, like Gecko) Chrome/67.0.3396.62 Safari/537.36"
110.54.234.94 - - [26/Feb/2019:09:12:35 +1100] "GET / HTTP/1.1" 200 10905 "-" "Mozilla/5.0 (X11; Linux x86_64) AppleWebKit/537.36 (KHTML, like Gecko) Chrome/67.0.3396.62 Safari/537.36"
110.54.234.94 - - [26/Feb/2019:09:12:36 +1100] "GET /favicon.ico HTTP/1.1" 200 - "https://bruntech.net.au/" "Mozilla/5.0 (X11; Linux x86_64) AppleWebKit/537.36 (KHTML, like Gecko) Chrome/67.0.3396.62 Safari/537.36"
110.54.234.94 - - [26/Feb/2019:09:12:58 +1100] "POST /wp-login.php HTTP/1.1" 200 3453 "https://bruntech.net.au/wp-login.php?redirect_to=https%3A%2F%2Fbruntech.net.au%2Fwp-admin%2F&reauth=1" "Mozilla/5.0 (X11; Linux x86_64) AppleWebKit/537.36 (KHTML, like Gecko) Chrome/67.0.3396.62 Safari/537.36"
110.54.234.94 - - [26/Feb/2019:09:12:59 +1100] "GET /favicon.ico HTTP/1.1" 200 - "https://bruntech.net.au/wp-login.php" "Mozilla/5.0 (X11; Linux x86_64) AppleWebKit/537.36 (KHTML, like Gecko) Chrome/67.0.3396.62 Safari/537.36"
110.54.234.94 - - [26/Feb/2019:09:13:14 +1100] "POST /wp-login.php HTTP/1.1" 302 - "https://bruntech.net.au/wp-login.php" "Mozilla/5.0 (X11; Linux x86_64) AppleWebKit/537.36 (KHTML, like Gecko) Chrome/67.0.3396.62 Safari/537.36"
110.54.234.94 - - [26/Feb/2019:09:13:19 +1100] "GET /wp-includes/js/thickbox/thickbox.css?ver=5.1 HTTP/1.1" 200 2658 "https://bruntech.net.au/wp-admin/" "Mozilla/5.0 (X11; Linux x86_64) AppleWebKit/537.36 (KHTML, like Gecko) Chrome/67.0.3396.62 Safari/537.36"
110.54.234.94 - - [26/Feb/2019:09:13:16 +1100] "GET /wp-admin/ HTTP/1.1" 200 60505 "https://bruntech.net.au/wp-login.php" "Mozilla/5.0 (X11; Linux x86_64) AppleWebKit/537.36 (KHTML, like Gecko) Chrome/67.0.3396.62 Safari/537.36"
110.54.234.94 - - [26/Feb/2019:09:13:20 +1100] "GET /wp-includes/css/editor.min.css?ver=5.1 HTTP/1.1" 200 27128 "https://bruntech.net.au/wp-admin/" "Mozilla/5.0 (X11; Linux x86_64) AppleWebKit/537.36 (KHTML, like Gecko) Chrome/67.0.3396.62 Safari/537.36"
110.54.234.94 - - [26/Feb/2019:09:13:19 +1100] "GET /wp-admin/load-scripts.php?c=1&load%5B%5D=jquery-core,jquery-migrate,utils&ver=5.1 HTTP/1.1" 200 109102 "https://bruntech.net.au/wp-admin/" "Mozilla/5.0 (X11; Linux x86_64) AppleWebKit/537.36 (KHTML, like Gecko) Chrome/67.0.3396.62 Safari/537.36"
110.54.234.94 - - [26/Feb/2019:09:13:19 +1100] "GET /wp-admin/load-styles.php?c=1&dir=ltr&load%5B%5D=dashicons,admin-bar,common,forms,admin-menu,dashboard,list-tables,edit,revisions,media,themes,about,nav-menus,wp-pointer,widgets&load%5B%5D=,site-icon,l10n,buttons,wp-auth-check&ver=5.1 HTTP/1.1" 200 339095 "https://bruntech.net.au/wp-admin/" "Mozilla/5.0 (X11; Linux x86_64) AppleWebKit/537.36 (KHTML, like Gecko) Chrome/67.0.3396.62 Safari/537.36"
110.54.234.94 - - [26/Feb/2019:09:13:21 +1100] "GET /wp-includes/js/heartbeat.min.js?ver=5.1 HTTP/1.1" 200 6017 "https://bruntech.net.au/wp-admin/" "Mozilla/5.0 (X11; Linux x86_64) AppleWebKit/537.36 (KHTML, like Gecko) Chrome/67.0.3396.62 Safari/537.36"
110.54.234.94 - - [26/Feb/2019:09:13:21 +1100] "GET /wp-includes/js/dist/hooks.min.js?ver=2.0.5 HTTP/1.1" 200 4905 "https://bruntech.net.au/wp-admin/" "Mozilla/5.0 (X11; Linux x86_64) AppleWebKit/537.36 (KHTML, like Gecko) Chrome/67.0.3396.62 Safari/537.36"
110.54.234.94 - - [26/Feb/2019:09:13:20 +1100] "GET /wp-admin/load-scripts.php?c=1&load%5B%5D=hoverIntent,common,admin-bar,wp-ajax-response,jquery-color,wp-lists,quicktags,jquery-query,admin-comments,jquery-ui-core,jquery-&load%5B%5D=ui-widget,jquery-ui-mouse,jquery-ui-sortable,postbox,underscore,wp-util,wp-a11y,dashboard,thickbox,plugin-install,updates,shortc&load%5B%5D=ode,media-upload,svg-painter&ver=5.1 HTTP/1.1" 200 201345 "https://bruntech.net.au/wp-admin/" "Mozilla/5.0 (X11; Linux x86_64) AppleWebKit/537.36 (KHTML, like Gecko) Chrome/67.0.3396.62 Safari/537.36"
110.54.234.94 - - [26/Feb/2019:09:13:21 +1100] "GET /wp-includes/js/wp-pointer.min.js?ver=20111129a HTTP/1.1" 200 3639 "https://bruntech.net.au/wp-admin/" "Mozilla/5.0 (X11; Linux x86_64) AppleWebKit/537.36 (KHTML, like Gecko) Chrome/67.0.3396.62 Safari/537.36"
110.54.234.94 - - [26/Feb/2019:09:13:21 +1100] "GET /wp-includes/js/wp-auth-check.min.js?ver=5.1 HTTP/1.1" 200 1783 "https://bruntech.net.au/wp-admin/" "Mozilla/5.0 (X11; Linux x86_64) AppleWebKit/537.36 (KHTML, like Gecko) Chrome/67.0.3396.62 Safari/537.36"
110.54.234.94 - - [26/Feb/2019:09:13:21 +1100] "GET /wp-includes/js/wplink.min.js?ver=5.1 HTTP/1.1" 200 11262 "https://bruntech.net.au/wp-admin/" "Mozilla/5.0 (X11; Linux x86_64) AppleWebKit/537.36 (KHTML, like Gecko) Chrome/67.0.3396.62 Safari/537.36"
110.54.234.94 - - [26/Feb/2019:09:13:21 +1100] "GET /wp-includes/js/jquery/ui/position.min.js?ver=1.11.4 HTTP/1.1" 200 6527 "https://bruntech.net.au/wp-admin/" "Mozilla/5.0 (X11; Linux x86_64) AppleWebKit/537.36 (KHTML, like Gecko) Chrome/67.0.3396.62 Safari/537.36"
110.54.234.94 - - [26/Feb/2019:09:13:22 +1100] "GET /wp-includes/js/jquery/ui/autocomplete.min.js?ver=1.11.4 HTTP/1.1" 200 8283 "https://bruntech.net.au/wp-admin/" "Mozilla/5.0 (X11; Linux x86_64) AppleWebKit/537.36 (KHTML, like Gecko) Chrome/67.0.3396.62 Safari/537.36"
110.54.234.94 - - [26/Feb/2019:09:13:22 +1100] "GET /wp-includes/js/jquery/ui/menu.min.js?ver=1.11.4 HTTP/1.1" 200 9600 "https://bruntech.net.au/wp-admin/" "Mozilla/5.0 (X11; Linux x86_64) AppleWebKit/537.36 (KHTML, like Gecko) Chrome/67.0.3396.62 Safari/537.36"
110.54.234.94 - - [26/Feb/2019:09:13:21 +1100] "GET /wp-includes/js/dist/vendor/wp-polyfill.min.js?ver=7.0.0 HTTP/1.1" 200 96193 "https://bruntech.net.au/wp-admin/" "Mozilla/5.0 (X11; Linux x86_64) AppleWebKit/537.36 (KHTML, like Gecko) Chrome/67.0.3396.62 Safari/537.36"
110.54.234.94 - - [26/Feb/2019:09:13:23 +1100] "GET /wp-includes/js/thickbox/loadingAnimation.gif HTTP/1.1" 200 15238 "https://bruntech.net.au/wp-admin/" "Mozilla/5.0 (X11; Linux x86_64) AppleWebKit/537.36 (KHTML, like Gecko) Chrome/67.0.3396.62 Safari/537.36"
110.54.234.94 - - [26/Feb/2019:09:13:24 +1100] "GET /favicon.ico HTTP/1.1" 200 - "https://bruntech.net.au/wp-admin/" "Mozilla/5.0 (X11; Linux x86_64) AppleWebKit/537.36 (KHTML, like Gecko) Chrome/67.0.3396.62 Safari/537.36"
110.54.234.94 - - [26/Feb/2019:09:13:23 +1100] "POST /wp-admin/admin-ajax.php HTTP/1.1" 200 70 "https://bruntech.net.au/wp-admin/" "Mozilla/5.0 (X11; Linux x86_64) AppleWebKit/537.36 (KHTML, like Gecko) Chrome/67.0.3396.62 Safari/537.36"
110.54.234.94 - - [26/Feb/2019:09:14:24 +1100] "POST /wp-admin/admin-ajax.php HTTP/1.1" 200 47 "https://bruntech.net.au/wp-admin/" "Mozilla/5.0 (X11; Linux x86_64) AppleWebKit/537.36 (KHTML, like Gecko) Chrome/67.0.3396.62 Safari/537.36"
110.54.234.94 - - [26/Feb/2019:09:15:25 +1100] "POST /wp-admin/admin-ajax.php HTTP/1.1" 200 47 "https://bruntech.net.au/wp-admin/" "Mozilla/5.0 (X11; Linux x86_64) AppleWebKit/537.36 (KHTML, like Gecko) Chrome/67.0.3396.62 Safari/537.36"
110.54.234.94 - - [26/Feb/2019:09:17:26 +1100] "POST /wp-admin/admin-ajax.php HTTP/1.1" 200 47 "https://bruntech.net.au/wp-admin/" "Mozilla/5.0 (X11; Linux x86_64) AppleWebKit/537.36 (KHTML, like Gecko) Chrome/67.0.3396.62 Safari/537.36"
110.54.234.94 - - [26/Feb/2019:09:19:27 +1100] "POST /wp-admin/admin-ajax.php HTTP/1.1" 200 47 "https://bruntech.net.au/wp-admin/" "Mozilla/5.0 (X11; Linux x86_64) AppleWebKit/537.36 (KHTML, like Gecko) Chrome/67.0.3396.62 Safari/537.36"
110.54.234.94 - - [26/Feb/2019:09:21:28 +1100] "POST /wp-admin/admin-ajax.php HTTP/1.1" 200 47 "https://bruntech.net.au/wp-admin/" "Mozilla/5.0 (X11; Linux x86_64) AppleWebKit/537.36 (KHTML, like Gecko) Chrome/67.0.3396.62 Safari/537.36"
110.54.234.94 - - [26/Feb/2019:09:23:29 +1100] "POST /wp-admin/admin-ajax.php HTTP/1.1" 200 47 "https://bruntech.net.au/wp-admin/" "Mozilla/5.0 (X11; Linux x86_64) AppleWebKit/537.36 (KHTML, like Gecko) Chrome/67.0.3396.62 Safari/537.36"
110.54.234.94 - - [26/Feb/2019:09:25:52 +1100] "POST /wp-admin/admin-ajax.php HTTP/1.1" 200 47 "https://bruntech.net.au/wp-admin/" "Mozilla/5.0 (X11; Linux x86_64) AppleWebKit/537.36 (KHTML, like Gecko) Chrome/67.0.3396.62 Safari/537.36"
110.54.234.94 - - [26/Feb/2019:09:26:01 +1100] "POST /wp-admin/admin-ajax.php HTTP/1.1" 200 1 "https://bruntech.net.au/wp-admin/" "Mozilla/5.0 (X11; Linux x86_64) AppleWebKit/537.36 (KHTML, like Gecko) Chrome/67.0.3396.62 Safari/537.36"
110.54.234.94 - - [26/Feb/2019:09:26:53 +1100] "POST /wp-admin/admin-ajax.php HTTP/1.1" 200 47 "https://bruntech.net.au/wp-admin/" "Mozilla/5.0 (X11; Linux x86_64) AppleWebKit/537.36 (KHTML, like Gecko) Chrome/67.0.3396.62 Safari/537.36"
134.119.219.71 - - [26/Feb/2019:09:27:46 +1100] "GET /blog/2019/02/25/hello-world/ HTTP/1.1" 200 18068 "http://bruntech.net.au/" "Mozilla/5.0 (Windows NT 6.1; WOW64) AppleWebKit/537.36 (KHTML, like Gecko) Chrome/52.0.2743.116 Safari/537.36"
134.119.219.71 - - [26/Feb/2019:09:27:52 +1100] "GET /blog/2019/02/25/hello-world/ HTTP/1.1" 200 18068 "http://bruntech.net.au/contact/contacts/bruntech-it-%11-administration/" "Mozilla/5.0 (Windows NT 6.1; WOW64) AppleWebKit/537.36 (KHTML, like Gecko) Chrome/52.0.2743.116 Safari/537.36"
134.119.219.71 - - [26/Feb/2019:09:27:56 +1100] "POST /wp-comments-post.php HTTP/1.1" 200 2846 "https://bruntech.net.au/blog/2019/02/25/hello-world/" "Mozilla/5.0 (Windows NT 6.1; WOW64) AppleWebKit/537.36 (KHTML, like Gecko) Chrome/52.0.2743.116 Safari/537.36"
110.54.234.94 - - [26/Feb/2019:09:28:53 +1100] "POST /wp-admin/admin-ajax.php HTTP/1.1" 200 47 "https://bruntech.net.au/wp-admin/" "Mozilla/5.0 (X11; Linux x86_64) AppleWebKit/537.36 (KHTML, like Gecko) Chrome/67.0.3396.62 Safari/537.36"
110.54.234.94 - - [26/Feb/2019:09:30:54 +1100] "POST /wp-admin/admin-ajax.php HTTP/1.1" 200 47 "https://bruntech.net.au/wp-admin/" "Mozilla/5.0 (X11; Linux x86_64) AppleWebKit/537.36 (KHTML, like Gecko) Chrome/67.0.3396.62 Safari/537.36"
134.119.219.71 - - [26/Feb/2019:09:32:51 +1100] "GET / HTTP/1.1" 200 10905 "http://www.bruntech.net.au" "Mozilla/5.0 (Windows NT 6.1; WOW64) AppleWebKit/537.36 (KHTML, like Gecko) Chrome/52.0.2743.116 Safari/537.36"
134.119.219.71 - - [26/Feb/2019:09:32:54 +1100] "GET /blog/2019/02/25/hello-world/ HTTP/1.1" 200 18068 "https://bruntech.net.au/" "Mozilla/5.0 (Windows NT 6.1; WOW64) AppleWebKit/537.36 (KHTML, like Gecko) Chrome/52.0.2743.116 Safari/537.36"
110.54.234.94 - - [26/Feb/2019:09:32:55 +1100] "POST /wp-admin/admin-ajax.php HTTP/1.1" 200 47 "https://bruntech.net.au/wp-admin/" "Mozilla/5.0 (X11; Linux x86_64) AppleWebKit/537.36 (KHTML, like Gecko) Chrome/67.0.3396.62 Safari/537.36"
134.119.219.71 - - [26/Feb/2019:09:33:03 +1100] "GET /blog/2019/02/25/hello-world/ HTTP/1.1" 200 18068 "http://bruntech.net.au/contact/contacts/bruntech-it-%11-administration/" "Mozilla/5.0 (Windows NT 6.1; WOW64) AppleWebKit/537.36 (KHTML, like Gecko) Chrome/52.0.2743.116 Safari/537.36"
134.119.219.71 - - [26/Feb/2019:09:33:06 +1100] "POST /wp-comments-post.php HTTP/1.1" 200 2846 "https://bruntech.net.au/blog/2019/02/25/hello-world/" "Mozilla/5.0 (Windows NT 6.1; WOW64) AppleWebKit/537.36 (KHTML, like Gecko) Chrome/52.0.2743.116 Safari/537.36"
110.54.234.94 - - [26/Feb/2019:09:34:56 +1100] "POST /wp-admin/admin-ajax.php HTTP/1.1" 200 47 "https://bruntech.net.au/wp-admin/" "Mozilla/5.0 (X11; Linux x86_64) AppleWebKit/537.36 (KHTML, like Gecko) Chrome/67.0.3396.62 Safari/537.36"
110.54.234.94 - - [26/Feb/2019:09:38:40 +1100] "POST /wp-admin/admin-ajax.php HTTP/1.1" 200 47 "https://bruntech.net.au/wp-admin/" "Mozilla/5.0 (X11; Linux x86_64) AppleWebKit/537.36 (KHTML, like Gecko) Chrome/67.0.3396.62 Safari/537.36"
110.54.234.94 - - [26/Feb/2019:09:40:41 +1100] "POST /wp-admin/admin-ajax.php HTTP/1.1" 200 47 "https://bruntech.net.au/wp-admin/" "Mozilla/5.0 (X11; Linux x86_64) AppleWebKit/537.36 (KHTML, like Gecko) Chrome/67.0.3396.62 Safari/537.36"
134.119.219.71 - - [26/Feb/2019:09:41:19 +1100] "GET /blog/2019/02/25/hello-world/ HTTP/1.1" 200 18068 "http://bruntech.net.au/contact/contacts/bruntech-it-%11-administration/" "Mozilla/5.0 (Windows NT 6.1; WOW64) AppleWebKit/537.36 (KHTML, like Gecko) Chrome/52.0.2743.116 Safari/537.36"
134.119.219.71 - - [26/Feb/2019:09:41:22 +1100] "POST /wp-comments-post.php HTTP/1.1" 200 2846 "https://bruntech.net.au/blog/2019/02/25/hello-world/" "Mozilla/5.0 (Windows NT 6.1; WOW64) AppleWebKit/537.36 (KHTML, like Gecko) Chrome/52.0.2743.116 Safari/537.36"
134.119.219.71 - - [26/Feb/2019:09:41:26 +1100] "GET /blog/2019/02/25/hello-world/ HTTP/1.1" 200 18068 "https://bruntech.net.au/wp-comments-post.php" "Mozilla/5.0 (Windows NT 6.1; WOW64) AppleWebKit/537.36 (KHTML, like Gecko) Chrome/52.0.2743.116 Safari/537.36"
134.119.219.71 - - [26/Feb/2019:09:41:29 +1100] "POST /wp-comments-post.php HTTP/1.1" 200 2846 "https://bruntech.net.au/blog/2019/02/25/hello-world/" "Mozilla/5.0 (Windows NT 6.1; WOW64) AppleWebKit/537.36 (KHTML, like Gecko) Chrome/52.0.2743.116 Safari/537.36"
134.119.219.71 - - [26/Feb/2019:09:41:33 +1100] "GET /blog/2019/02/25/hello-world/ HTTP/1.1" 200 18068 "https://bruntech.net.au/wp-comments-post.php" "Mozilla/5.0 (Windows NT 6.1; WOW64) AppleWebKit/537.36 (KHTML, like Gecko) Chrome/52.0.2743.116 Safari/537.36"
134.119.219.71 - - [26/Feb/2019:09:41:37 +1100] "POST /wp-comments-post.php HTTP/1.1" 200 2846 "https://bruntech.net.au/blog/2019/02/25/hello-world/" "Mozilla/5.0 (Windows NT 6.1; WOW64) AppleWebKit/537.36 (KHTML, like Gecko) Chrome/52.0.2743.116 Safari/537.36"
134.119.219.71 - - [26/Feb/2019:09:41:41 +1100] "GET /blog/2019/02/25/hello-world/ HTTP/1.1" 200 18068 "https://bruntech.net.au/wp-comments-post.php" "Mozilla/5.0 (Windows NT 6.1; WOW64) AppleWebKit/537.36 (KHTML, like Gecko) Chrome/52.0.2743.116 Safari/537.36"
134.119.219.71 - - [26/Feb/2019:09:41:45 +1100] "POST /wp-comments-post.php HTTP/1.1" 200 2846 "https://bruntech.net.au/blog/2019/02/25/hello-world/" "Mozilla/5.0 (Windows NT 6.1; WOW64) AppleWebKit/537.36 (KHTML, like Gecko) Chrome/52.0.2743.116 Safari/537.36"
134.119.219.71 - - [26/Feb/2019:09:41:48 +1100] "GET /blog/2019/02/25/hello-world/ HTTP/1.1" 200 18068 "https://bruntech.net.au/wp-comments-post.php" "Mozilla/5.0 (Windows NT 6.1; WOW64) AppleWebKit/537.36 (KHTML, like Gecko) Chrome/52.0.2743.116 Safari/537.36"
134.119.219.71 - - [26/Feb/2019:09:41:52 +1100] "POST /wp-comments-post.php HTTP/1.1" 200 2846 "https://bruntech.net.au/blog/2019/02/25/hello-world/" "Mozilla/5.0 (Windows NT 6.1; WOW64) AppleWebKit/537.36 (KHTML, like Gecko) Chrome/52.0.2743.116 Safari/537.36"
134.119.219.71 - - [26/Feb/2019:09:41:55 +1100] "GET /blog/2019/02/25/hello-world/ HTTP/1.1" 200 18068 "https://bruntech.net.au/wp-comments-post.php" "Mozilla/5.0 (Windows NT 6.1; WOW64) AppleWebKit/537.36 (KHTML, like Gecko) Chrome/52.0.2743.116 Safari/537.36"
134.119.219.71 - - [26/Feb/2019:09:41:58 +1100] "POST /wp-comments-post.php HTTP/1.1" 200 2846 "https://bruntech.net.au/blog/2019/02/25/hello-world/" "Mozilla/5.0 (Windows NT 6.1; WOW64) AppleWebKit/537.36 (KHTML, like Gecko) Chrome/52.0.2743.116 Safari/537.36"
134.119.219.71 - - [26/Feb/2019:09:42:01 +1100] "GET /blog/2019/02/25/hello-world/ HTTP/1.1" 200 18068 "https://bruntech.net.au/wp-comments-post.php" "Mozilla/5.0 (Windows NT 6.1; WOW64) AppleWebKit/537.36 (KHTML, like Gecko) Chrome/52.0.2743.116 Safari/537.36"
134.119.219.71 - - [26/Feb/2019:09:42:04 +1100] "POST /wp-comments-post.php HTTP/1.1" 200 2846 "https://bruntech.net.au/blog/2019/02/25/hello-world/" "Mozilla/5.0 (Windows NT 6.1; WOW64) AppleWebKit/537.36 (KHTML, like Gecko) Chrome/52.0.2743.116 Safari/537.36"
134.119.219.71 - - [26/Feb/2019:09:42:07 +1100] "GET /blog/2019/02/25/hello-world/ HTTP/1.1" 200 18068 "https://bruntech.net.au/wp-comments-post.php" "Mozilla/5.0 (Windows NT 6.1; WOW64) AppleWebKit/537.36 (KHTML, like Gecko) Chrome/52.0.2743.116 Safari/537.36"
134.119.219.71 - - [26/Feb/2019:09:42:09 +1100] "POST /wp-comments-post.php HTTP/1.1" 200 2846 "https://bruntech.net.au/blog/2019/02/25/hello-world/" "Mozilla/5.0 (Windows NT 6.1; WOW64) AppleWebKit/537.36 (KHTML, like Gecko) Chrome/52.0.2743.116 Safari/537.36"
134.119.219.71 - - [26/Feb/2019:09:42:13 +1100] "GET /blog/2019/02/25/hello-world/ HTTP/1.1" 200 18068 "https://bruntech.net.au/wp-comments-post.php" "Mozilla/5.0 (Windows NT 6.1; WOW64) AppleWebKit/537.36 (KHTML, like Gecko) Chrome/52.0.2743.116 Safari/537.36"
134.119.219.71 - - [26/Feb/2019:09:42:16 +1100] "POST /wp-comments-post.php HTTP/1.1" 200 2846 "https://bruntech.net.au/blog/2019/02/25/hello-world/" "Mozilla/5.0 (Windows NT 6.1; WOW64) AppleWebKit/537.36 (KHTML, like Gecko) Chrome/52.0.2743.116 Safari/537.36"
134.119.219.71 - - [26/Feb/2019:09:42:20 +1100] "GET /blog/2019/02/25/hello-world/ HTTP/1.1" 200 18068 "https://bruntech.net.au/wp-comments-post.php" "Mozilla/5.0 (Windows NT 6.1; WOW64) AppleWebKit/537.36 (KHTML, like Gecko) Chrome/52.0.2743.116 Safari/537.36"
134.119.219.71 - - [26/Feb/2019:09:42:22 +1100] "POST /wp-comments-post.php HTTP/1.1" 200 2846 "https://bruntech.net.au/blog/2019/02/25/hello-world/" "Mozilla/5.0 (Windows NT 6.1; WOW64) AppleWebKit/537.36 (KHTML, like Gecko) Chrome/52.0.2743.116 Safari/537.36"
134.119.219.71 - - [26/Feb/2019:09:42:31 +1100] "GET /wp-login.php HTTP/1.1" 200 3278 "http://www.bruntech.net.au" "Mozilla/5.0 (Windows NT 6.1; WOW64) AppleWebKit/537.36 (KHTML, like Gecko) Chrome/52.0.2743.116 Safari/537.36"
134.119.219.71 - - [26/Feb/2019:09:42:35 +1100] "GET /blog/category/uncategorized/ HTTP/1.1" 200 11292 "https://bruntech.net.au/wp-login.php" "Mozilla/5.0 (Windows NT 6.1; WOW64) AppleWebKit/537.36 (KHTML, like Gecko) Chrome/52.0.2743.116 Safari/537.36"
134.119.219.71 - - [26/Feb/2019:09:42:37 +1100] "GET /blog/2019/02/ HTTP/1.1" 200 11059 "https://bruntech.net.au/blog/category/uncategorized/" "Mozilla/5.0 (Windows NT 6.1; WOW64) AppleWebKit/537.36 (KHTML, like Gecko) Chrome/52.0.2743.116 Safari/537.36"
110.54.234.94 - - [26/Feb/2019:09:42:42 +1100] "POST /wp-admin/admin-ajax.php HTTP/1.1" 200 47 "https://bruntech.net.au/wp-admin/" "Mozilla/5.0 (X11; Linux x86_64) AppleWebKit/537.36 (KHTML, like Gecko) Chrome/67.0.3396.62 Safari/537.36"
110.54.234.94 - - [26/Feb/2019:09:44:43 +1100] "POST /wp-admin/admin-ajax.php HTTP/1.1" 200 47 "https://bruntech.net.au/wp-admin/" "Mozilla/5.0 (X11; Linux x86_64) AppleWebKit/537.36 (KHTML, like Gecko) Chrome/67.0.3396.62 Safari/537.36"
110.54.234.94 - - [26/Feb/2019:09:46:44 +1100] "POST /wp-admin/admin-ajax.php HTTP/1.1" 200 47 "https://bruntech.net.au/wp-admin/" "Mozilla/5.0 (X11; Linux x86_64) AppleWebKit/537.36 (KHTML, like Gecko) Chrome/67.0.3396.62 Safari/537.36"
134.119.219.71 - - [26/Feb/2019:09:47:52 +1100] "GET /blog/2019/02/25/hello-world/ HTTP/1.1" 200 18068 "http://bruntech.net.au/contact/contacts/bruntech-it-%11-administration/" "Mozilla/5.0 (Windows NT 6.1; WOW64) AppleWebKit/537.36 (KHTML, like Gecko) Chrome/52.0.2743.116 Safari/537.36"
134.119.219.71 - - [26/Feb/2019:09:47:55 +1100] "POST /wp-comments-post.php HTTP/1.1" 200 2846 "https://bruntech.net.au/blog/2019/02/25/hello-world/" "Mozilla/5.0 (Windows NT 6.1; WOW64) AppleWebKit/537.36 (KHTML, like Gecko) Chrome/52.0.2743.116 Safari/537.36"
134.119.219.71 - - [26/Feb/2019:09:47:58 +1100] "GET /blog/2019/02/25/hello-world/ HTTP/1.1" 200 18068 "https://bruntech.net.au/wp-comments-post.php" "Mozilla/5.0 (Windows NT 6.1; WOW64) AppleWebKit/537.36 (KHTML, like Gecko) Chrome/52.0.2743.116 Safari/537.36"
134.119.219.71 - - [26/Feb/2019:09:48:00 +1100] "POST /wp-comments-post.php HTTP/1.1" 200 2846 "https://bruntech.net.au/blog/2019/02/25/hello-world/" "Mozilla/5.0 (Windows NT 6.1; WOW64) AppleWebKit/537.36 (KHTML, like Gecko) Chrome/52.0.2743.116 Safari/537.36"
134.119.219.71 - - [26/Feb/2019:09:48:03 +1100] "GET /blog/2019/02/25/hello-world/ HTTP/1.1" 200 18068 "https://bruntech.net.au/wp-comments-post.php" "Mozilla/5.0 (Windows NT 6.1; WOW64) AppleWebKit/537.36 (KHTML, like Gecko) Chrome/52.0.2743.116 Safari/537.36"
134.119.219.71 - - [26/Feb/2019:09:48:07 +1100] "POST /wp-comments-post.php HTTP/1.1" 200 2846 "https://bruntech.net.au/blog/2019/02/25/hello-world/" "Mozilla/5.0 (Windows NT 6.1; WOW64) AppleWebKit/537.36 (KHTML, like Gecko) Chrome/52.0.2743.116 Safari/537.36"
134.119.219.71 - - [26/Feb/2019:09:48:10 +1100] "GET /blog/2019/02/25/hello-world/ HTTP/1.1" 200 18068 "https://bruntech.net.au/wp-comments-post.php" "Mozilla/5.0 (Windows NT 6.1; WOW64) AppleWebKit/537.36 (KHTML, like Gecko) Chrome/52.0.2743.116 Safari/537.36"
134.119.219.71 - - [26/Feb/2019:09:48:13 +1100] "POST /wp-comments-post.php HTTP/1.1" 200 2846 "https://bruntech.net.au/blog/2019/02/25/hello-world/" "Mozilla/5.0 (Windows NT 6.1; WOW64) AppleWebKit/537.36 (KHTML, like Gecko) Chrome/52.0.2743.116 Safari/537.36"
134.119.219.71 - - [26/Feb/2019:09:48:17 +1100] "GET /blog/2019/02/25/hello-world/ HTTP/1.1" 200 18068 "https://bruntech.net.au/wp-comments-post.php" "Mozilla/5.0 (Windows NT 6.1; WOW64) AppleWebKit/537.36 (KHTML, like Gecko) Chrome/52.0.2743.116 Safari/537.36"
134.119.219.71 - - [26/Feb/2019:09:48:20 +1100] "POST /wp-comments-post.php HTTP/1.1" 200 2846 "https://bruntech.net.au/blog/2019/02/25/hello-world/" "Mozilla/5.0 (Windows NT 6.1; WOW64) AppleWebKit/537.36 (KHTML, like Gecko) Chrome/52.0.2743.116 Safari/537.36"
134.119.219.71 - - [26/Feb/2019:09:48:23 +1100] "GET /blog/2019/02/25/hello-world/ HTTP/1.1" 200 18068 "https://bruntech.net.au/wp-comments-post.php" "Mozilla/5.0 (Windows NT 6.1; WOW64) AppleWebKit/537.36 (KHTML, like Gecko) Chrome/52.0.2743.116 Safari/537.36"
134.119.219.71 - - [26/Feb/2019:09:48:26 +1100] "POST /wp-comments-post.php HTTP/1.1" 200 2846 "https://bruntech.net.au/blog/2019/02/25/hello-world/" "Mozilla/5.0 (Windows NT 6.1; WOW64) AppleWebKit/537.36 (KHTML, like Gecko) Chrome/52.0.2743.116 Safari/537.36"
134.119.219.71 - - [26/Feb/2019:09:48:29 +1100] "GET /blog/2019/02/25/hello-world/ HTTP/1.1" 200 18068 "https://bruntech.net.au/wp-comments-post.php" "Mozilla/5.0 (Windows NT 6.1; WOW64) AppleWebKit/537.36 (KHTML, like Gecko) Chrome/52.0.2743.116 Safari/537.36"
134.119.219.71 - - [26/Feb/2019:09:48:31 +1100] "POST /wp-comments-post.php HTTP/1.1" 200 2846 "https://bruntech.net.au/blog/2019/02/25/hello-world/" "Mozilla/5.0 (Windows NT 6.1; WOW64) AppleWebKit/537.36 (KHTML, like Gecko) Chrome/52.0.2743.116 Safari/537.36"
134.119.219.71 - - [26/Feb/2019:09:48:34 +1100] "GET /blog/2019/02/25/hello-world/ HTTP/1.1" 200 18068 "https://bruntech.net.au/wp-comments-post.php" "Mozilla/5.0 (Windows NT 6.1; WOW64) AppleWebKit/537.36 (KHTML, like Gecko) Chrome/52.0.2743.116 Safari/537.36"
134.119.219.71 - - [26/Feb/2019:09:48:38 +1100] "POST /wp-comments-post.php HTTP/1.1" 200 2846 "https://bruntech.net.au/blog/2019/02/25/hello-world/" "Mozilla/5.0 (Windows NT 6.1; WOW64) AppleWebKit/537.36 (KHTML, like Gecko) Chrome/52.0.2743.116 Safari/537.36"
134.119.219.71 - - [26/Feb/2019:09:48:41 +1100] "GET /blog/2019/02/25/hello-world/ HTTP/1.1" 200 18068 "https://bruntech.net.au/wp-comments-post.php" "Mozilla/5.0 (Windows NT 6.1; WOW64) AppleWebKit/537.36 (KHTML, like Gecko) Chrome/52.0.2743.116 Safari/537.36"
110.54.234.94 - - [26/Feb/2019:09:48:44 +1100] "POST /wp-admin/admin-ajax.php HTTP/1.1" 200 47 "https://bruntech.net.au/wp-admin/" "Mozilla/5.0 (X11; Linux x86_64) AppleWebKit/537.36 (KHTML, like Gecko) Chrome/67.0.3396.62 Safari/537.36"
134.119.219.71 - - [26/Feb/2019:09:48:45 +1100] "POST /wp-comments-post.php HTTP/1.1" 200 2846 "https://bruntech.net.au/blog/2019/02/25/hello-world/" "Mozilla/5.0 (Windows NT 6.1; WOW64) AppleWebKit/537.36 (KHTML, like Gecko) Chrome/52.0.2743.116 Safari/537.36"
134.119.219.71 - - [26/Feb/2019:09:48:47 +1100] "GET /blog/2019/02/25/hello-world/ HTTP/1.1" 200 18068 "https://bruntech.net.au/wp-comments-post.php" "Mozilla/5.0 (Windows NT 6.1; WOW64) AppleWebKit/537.36 (KHTML, like Gecko) Chrome/52.0.2743.116 Safari/537.36"
134.119.219.71 - - [26/Feb/2019:09:48:50 +1100] "POST /wp-comments-post.php HTTP/1.1" 200 2846 "https://bruntech.net.au/blog/2019/02/25/hello-world/" "Mozilla/5.0 (Windows NT 6.1; WOW64) AppleWebKit/537.36 (KHTML, like Gecko) Chrome/52.0.2743.116 Safari/537.36"
